AR mux21 behavioral /home/haitham/VHDL_LAB/submission_template/submit/rcs1/mux21.vhd sub00/vhpl03 1687695155
EN rxcver NULL /home/haitham/VHDL_LAB/submission_template/submit/rcs1/rxcver.vhd sub00/vhpl12 1687695168
AR idea_com_inner behavioral /home/haitham/VHDL_LAB/submission_template/submit/rcs1/idea_com_inner.vhd sub00/vhpl19 1687695177
AR clk_div behavioral /home/haitham/VHDL_LAB/submission_template/submit/rcs1/clk_div.vhd sub00/vhpl17 1687695175
AR addop behavioral /home/haitham/VHDL_LAB/submission_template/submit/rcs1/addop.vhd sub00/vhpl29 1687695151
EN mulop NULL /home/haitham/VHDL_LAB/submission_template/submit/rcs1/mulop.vhd sub00/vhpl26 1687695148
EN key_generator NULL /home/haitham/VHDL_LAB/submission_template/submit/rcs1/key_generator.vhd sub00/vhpl04 1687695160
EN trafo NULL /home/haitham/VHDL_LAB/submission_template/submit/rcs1/trafo.vhd sub00/vhpl24 1687695164
AR round behavioral /home/haitham/VHDL_LAB/submission_template/submit/rcs1/round.vhd sub00/vhpl23 1687695163
EN addop NULL /home/haitham/VHDL_LAB/submission_template/submit/rcs1/addop.vhd sub00/vhpl28 1687695150
EN mux2x1 NULL /home/haitham/VHDL_LAB/submission_template/submit/rcs1/mux21.vhd sub00/vhpl32 1687608782
AR trafo behavioral /home/haitham/VHDL_LAB/submission_template/submit/rcs1/trafo.vhd sub00/vhpl25 1687695165
EN idea_com NULL /home/haitham/VHDL_LAB/submission_template/submit/rcs1/idea_com.vhd sub00/vhpl20 1687695178
EN reg16 NULL /home/haitham/VHDL_LAB/submission_template/submit/rcs1/reg16.vhd sub00/vhpl00 1687695156
AR reg16 behavioral /home/haitham/VHDL_LAB/submission_template/submit/rcs1/reg16.vhd sub00/vhpl01 1687695157
AR uart behavior /home/haitham/VHDL_LAB/submission_template/submit/rcs1/uart.vhd sub00/vhpl15 1687695171
AR rxcver behavior /home/haitham/VHDL_LAB/submission_template/submit/rcs1/rxcver.vhd sub00/vhpl13 1687695169
AR txmit behavior /home/haitham/VHDL_LAB/submission_template/submit/rcs1/txmit.vhd sub00/vhpl11 1687695167
EN round NULL /home/haitham/VHDL_LAB/submission_template/submit/rcs1/round.vhd sub00/vhpl22 1687695162
AR idea_com behavioral /home/haitham/VHDL_LAB/submission_template/submit/rcs1/idea_com.vhd sub00/vhpl21 1687695179
EN xorop NULL /home/haitham/VHDL_LAB/submission_template/submit/rcs1/xorop.vhd sub00/vhpl30 1687695152
EN control NULL /home/haitham/VHDL_LAB/submission_template/submit/rcs1/control.vhd sub00/vhpl06 1687695158
AR mulop behavioral /home/haitham/VHDL_LAB/submission_template/submit/rcs1/mulop.vhd sub00/vhpl27 1687695149
EN txmit NULL /home/haitham/VHDL_LAB/submission_template/submit/rcs1/txmit.vhd sub00/vhpl10 1687695166
EN mux21 NULL /home/haitham/VHDL_LAB/submission_template/submit/rcs1/mux21.vhd sub00/vhpl02 1687695154
AR idea_single structural /home/haitham/VHDL_LAB/submission_template/submit/rcs1/idea_single.vhd sub00/vhpl09 1687695173
AR control behavioral /home/haitham/VHDL_LAB/submission_template/submit/rcs1/control.vhd sub00/vhpl07 1687695159
AR key_generator behavioral /home/haitham/VHDL_LAB/submission_template/submit/rcs1/key_generator.vhd sub00/vhpl05 1687695161
EN uart NULL /home/haitham/VHDL_LAB/submission_template/submit/rcs1/uart.vhd sub00/vhpl14 1687695170
EN clk_div NULL /home/haitham/VHDL_LAB/submission_template/submit/rcs1/clk_div.vhd sub00/vhpl16 1687695174
AR xorop behavioral /home/haitham/VHDL_LAB/submission_template/submit/rcs1/xorop.vhd sub00/vhpl31 1687695153
EN idea_single NULL /home/haitham/VHDL_LAB/submission_template/submit/rcs1/idea_single.vhd sub00/vhpl08 1687695172
EN idea_com_inner NULL /home/haitham/VHDL_LAB/submission_template/submit/rcs1/idea_com_inner.vhd sub00/vhpl18 1687695176
