--------------------------------------------------------------------------------
Release 14.7 Trace  (lin64)
Copyright (c) 1995-2013 Xilinx, Inc.  All rights reserved.

/opt/Xilinx/14.7/ISE_DS/ISE/bin/lin64/unwrapped/trce -intstyle ise -v 3 -s 4 -n
3 -fastpaths -xml trafo.twx trafo.ncd -o trafo.twr trafo.pcf

Design file:              trafo.ncd
Physical constraint file: trafo.pcf
Device,package,speed:     xc3s500e,fg320,-4 (PRODUCTION 1.27 2013-10-13)
Report level:             verbose report

Environment Variable      Effect 
--------------------      ------ 
NONE                      No environment variables were set
--------------------------------------------------------------------------------

INFO:Timing:2698 - No timing constraints found, doing default enumeration.
INFO:Timing:3412 - To improve timing, see the Timing Closure User Guide (UG612).
INFO:Timing:2752 - To get complete path coverage, use the unconstrained paths 
   option. All paths that are not constrained will be reported in the 
   unconstrained paths section(s) of the report.
INFO:Timing:3339 - The clock-to-out numbers in this timing report are based on 
   a 50 Ohm transmission line loading model.  For the details of this model, 
   and for more information on accounting for different loading conditions, 
   please see the device datasheet.
INFO:Timing:3390 - This architecture does not support a default System Jitter 
   value, please add SYSTEM_JITTER constraint to the UCF to modify the Clock 
   Uncertainty calculation.
INFO:Timing:3389 - This architecture does not support 'Discrete Jitter' and 
   'Phase Error' calculations, these terms will be zero in the Clock 
   Uncertainty calculation.  Please make appropriate modification to 
   SYSTEM_JITTER to account for the unsupported Discrete Jitter and Phase 
   Error.



Data Sheet report:
-----------------
All values displayed in nanoseconds (ns)

Pad to Pad
---------------+---------------+---------+
Source Pad     |Destination Pad|  Delay  |
---------------+---------------+---------+
X1<0>          |Y1<0>          |   21.876|
X1<0>          |Y1<1>          |   24.265|
X1<0>          |Y1<2>          |   24.273|
X1<0>          |Y1<3>          |   24.035|
X1<0>          |Y1<4>          |   24.561|
X1<0>          |Y1<5>          |   23.774|
X1<0>          |Y1<6>          |   24.310|
X1<0>          |Y1<7>          |   24.607|
X1<0>          |Y1<8>          |   24.011|
X1<0>          |Y1<9>          |   23.717|
X1<0>          |Y1<10>         |   24.392|
X1<0>          |Y1<11>         |   24.666|
X1<0>          |Y1<12>         |   25.055|
X1<0>          |Y1<13>         |   24.790|
X1<0>          |Y1<14>         |   24.922|
X1<0>          |Y1<15>         |   24.760|
X1<1>          |Y1<0>          |   22.299|
X1<1>          |Y1<1>          |   24.688|
X1<1>          |Y1<2>          |   24.696|
X1<1>          |Y1<3>          |   24.458|
X1<1>          |Y1<4>          |   24.984|
X1<1>          |Y1<5>          |   24.197|
X1<1>          |Y1<6>          |   24.733|
X1<1>          |Y1<7>          |   25.030|
X1<1>          |Y1<8>          |   24.434|
X1<1>          |Y1<9>          |   24.140|
X1<1>          |Y1<10>         |   24.815|
X1<1>          |Y1<11>         |   25.089|
X1<1>          |Y1<12>         |   25.478|
X1<1>          |Y1<13>         |   25.213|
X1<1>          |Y1<14>         |   25.345|
X1<1>          |Y1<15>         |   25.183|
X1<2>          |Y1<0>          |   22.340|
X1<2>          |Y1<1>          |   24.729|
X1<2>          |Y1<2>          |   24.737|
X1<2>          |Y1<3>          |   24.499|
X1<2>          |Y1<4>          |   25.025|
X1<2>          |Y1<5>          |   24.238|
X1<2>          |Y1<6>          |   24.774|
X1<2>          |Y1<7>          |   25.071|
X1<2>          |Y1<8>          |   24.475|
X1<2>          |Y1<9>          |   24.181|
X1<2>          |Y1<10>         |   24.856|
X1<2>          |Y1<11>         |   25.130|
X1<2>          |Y1<12>         |   25.519|
X1<2>          |Y1<13>         |   25.254|
X1<2>          |Y1<14>         |   25.386|
X1<2>          |Y1<15>         |   25.224|
X1<3>          |Y1<0>          |   21.639|
X1<3>          |Y1<1>          |   24.028|
X1<3>          |Y1<2>          |   24.036|
X1<3>          |Y1<3>          |   23.798|
X1<3>          |Y1<4>          |   24.324|
X1<3>          |Y1<5>          |   23.537|
X1<3>          |Y1<6>          |   24.073|
X1<3>          |Y1<7>          |   24.370|
X1<3>          |Y1<8>          |   23.774|
X1<3>          |Y1<9>          |   23.480|
X1<3>          |Y1<10>         |   24.155|
X1<3>          |Y1<11>         |   24.429|
X1<3>          |Y1<12>         |   24.818|
X1<3>          |Y1<13>         |   24.553|
X1<3>          |Y1<14>         |   24.685|
X1<3>          |Y1<15>         |   24.523|
X1<4>          |Y1<0>          |   21.893|
X1<4>          |Y1<1>          |   24.282|
X1<4>          |Y1<2>          |   24.290|
X1<4>          |Y1<3>          |   24.052|
X1<4>          |Y1<4>          |   24.578|
X1<4>          |Y1<5>          |   23.791|
X1<4>          |Y1<6>          |   24.327|
X1<4>          |Y1<7>          |   24.624|
X1<4>          |Y1<8>          |   24.028|
X1<4>          |Y1<9>          |   23.734|
X1<4>          |Y1<10>         |   24.409|
X1<4>          |Y1<11>         |   24.683|
X1<4>          |Y1<12>         |   25.072|
X1<4>          |Y1<13>         |   24.807|
X1<4>          |Y1<14>         |   24.939|
X1<4>          |Y1<15>         |   24.777|
X1<5>          |Y1<0>          |   21.859|
X1<5>          |Y1<1>          |   24.248|
X1<5>          |Y1<2>          |   24.256|
X1<5>          |Y1<3>          |   24.018|
X1<5>          |Y1<4>          |   24.544|
X1<5>          |Y1<5>          |   23.757|
X1<5>          |Y1<6>          |   24.293|
X1<5>          |Y1<7>          |   24.590|
X1<5>          |Y1<8>          |   23.994|
X1<5>          |Y1<9>          |   23.700|
X1<5>          |Y1<10>         |   24.375|
X1<5>          |Y1<11>         |   24.649|
X1<5>          |Y1<12>         |   25.038|
X1<5>          |Y1<13>         |   24.773|
X1<5>          |Y1<14>         |   24.905|
X1<5>          |Y1<15>         |   24.743|
X1<6>          |Y1<0>          |   21.955|
X1<6>          |Y1<1>          |   24.344|
X1<6>          |Y1<2>          |   24.352|
X1<6>          |Y1<3>          |   24.114|
X1<6>          |Y1<4>          |   24.640|
X1<6>          |Y1<5>          |   23.853|
X1<6>          |Y1<6>          |   24.389|
X1<6>          |Y1<7>          |   24.686|
X1<6>          |Y1<8>          |   24.090|
X1<6>          |Y1<9>          |   23.796|
X1<6>          |Y1<10>         |   24.471|
X1<6>          |Y1<11>         |   24.745|
X1<6>          |Y1<12>         |   25.134|
X1<6>          |Y1<13>         |   24.869|
X1<6>          |Y1<14>         |   25.001|
X1<6>          |Y1<15>         |   24.839|
X1<7>          |Y1<0>          |   21.377|
X1<7>          |Y1<1>          |   23.766|
X1<7>          |Y1<2>          |   23.774|
X1<7>          |Y1<3>          |   23.536|
X1<7>          |Y1<4>          |   24.062|
X1<7>          |Y1<5>          |   23.275|
X1<7>          |Y1<6>          |   23.811|
X1<7>          |Y1<7>          |   24.108|
X1<7>          |Y1<8>          |   23.512|
X1<7>          |Y1<9>          |   23.218|
X1<7>          |Y1<10>         |   23.893|
X1<7>          |Y1<11>         |   24.167|
X1<7>          |Y1<12>         |   24.556|
X1<7>          |Y1<13>         |   24.291|
X1<7>          |Y1<14>         |   24.423|
X1<7>          |Y1<15>         |   24.261|
X1<8>          |Y1<0>          |   21.552|
X1<8>          |Y1<1>          |   23.941|
X1<8>          |Y1<2>          |   23.949|
X1<8>          |Y1<3>          |   23.711|
X1<8>          |Y1<4>          |   24.237|
X1<8>          |Y1<5>          |   23.450|
X1<8>          |Y1<6>          |   23.986|
X1<8>          |Y1<7>          |   24.283|
X1<8>          |Y1<8>          |   23.687|
X1<8>          |Y1<9>          |   23.393|
X1<8>          |Y1<10>         |   24.068|
X1<8>          |Y1<11>         |   24.342|
X1<8>          |Y1<12>         |   24.731|
X1<8>          |Y1<13>         |   24.466|
X1<8>          |Y1<14>         |   24.598|
X1<8>          |Y1<15>         |   24.436|
X1<9>          |Y1<0>          |   20.973|
X1<9>          |Y1<1>          |   23.362|
X1<9>          |Y1<2>          |   23.370|
X1<9>          |Y1<3>          |   23.132|
X1<9>          |Y1<4>          |   23.658|
X1<9>          |Y1<5>          |   22.871|
X1<9>          |Y1<6>          |   23.407|
X1<9>          |Y1<7>          |   23.704|
X1<9>          |Y1<8>          |   23.108|
X1<9>          |Y1<9>          |   22.814|
X1<9>          |Y1<10>         |   23.489|
X1<9>          |Y1<11>         |   23.763|
X1<9>          |Y1<12>         |   24.152|
X1<9>          |Y1<13>         |   23.887|
X1<9>          |Y1<14>         |   24.019|
X1<9>          |Y1<15>         |   23.857|
X1<10>         |Y1<0>          |   21.123|
X1<10>         |Y1<1>          |   23.512|
X1<10>         |Y1<2>          |   23.520|
X1<10>         |Y1<3>          |   23.282|
X1<10>         |Y1<4>          |   23.808|
X1<10>         |Y1<5>          |   23.021|
X1<10>         |Y1<6>          |   23.557|
X1<10>         |Y1<7>          |   23.854|
X1<10>         |Y1<8>          |   23.258|
X1<10>         |Y1<9>          |   22.964|
X1<10>         |Y1<10>         |   23.639|
X1<10>         |Y1<11>         |   23.913|
X1<10>         |Y1<12>         |   24.302|
X1<10>         |Y1<13>         |   24.037|
X1<10>         |Y1<14>         |   24.169|
X1<10>         |Y1<15>         |   24.007|
X1<11>         |Y1<0>          |   21.100|
X1<11>         |Y1<1>          |   23.489|
X1<11>         |Y1<2>          |   23.497|
X1<11>         |Y1<3>          |   23.259|
X1<11>         |Y1<4>          |   23.785|
X1<11>         |Y1<5>          |   22.998|
X1<11>         |Y1<6>          |   23.534|
X1<11>         |Y1<7>          |   23.831|
X1<11>         |Y1<8>          |   23.235|
X1<11>         |Y1<9>          |   22.941|
X1<11>         |Y1<10>         |   23.616|
X1<11>         |Y1<11>         |   23.890|
X1<11>         |Y1<12>         |   24.279|
X1<11>         |Y1<13>         |   24.014|
X1<11>         |Y1<14>         |   24.146|
X1<11>         |Y1<15>         |   23.984|
X1<12>         |Y1<0>          |   20.609|
X1<12>         |Y1<1>          |   22.998|
X1<12>         |Y1<2>          |   23.006|
X1<12>         |Y1<3>          |   22.768|
X1<12>         |Y1<4>          |   23.294|
X1<12>         |Y1<5>          |   22.507|
X1<12>         |Y1<6>          |   23.043|
X1<12>         |Y1<7>          |   23.340|
X1<12>         |Y1<8>          |   22.744|
X1<12>         |Y1<9>          |   22.450|
X1<12>         |Y1<10>         |   23.125|
X1<12>         |Y1<11>         |   23.399|
X1<12>         |Y1<12>         |   23.788|
X1<12>         |Y1<13>         |   23.523|
X1<12>         |Y1<14>         |   23.655|
X1<12>         |Y1<15>         |   23.493|
X1<13>         |Y1<0>          |   20.597|
X1<13>         |Y1<1>          |   22.986|
X1<13>         |Y1<2>          |   22.994|
X1<13>         |Y1<3>          |   22.756|
X1<13>         |Y1<4>          |   23.282|
X1<13>         |Y1<5>          |   22.495|
X1<13>         |Y1<6>          |   23.031|
X1<13>         |Y1<7>          |   23.328|
X1<13>         |Y1<8>          |   22.732|
X1<13>         |Y1<9>          |   22.438|
X1<13>         |Y1<10>         |   23.113|
X1<13>         |Y1<11>         |   23.387|
X1<13>         |Y1<12>         |   23.776|
X1<13>         |Y1<13>         |   23.511|
X1<13>         |Y1<14>         |   23.643|
X1<13>         |Y1<15>         |   23.481|
X1<14>         |Y1<0>          |   20.546|
X1<14>         |Y1<1>          |   22.935|
X1<14>         |Y1<2>          |   22.943|
X1<14>         |Y1<3>          |   22.705|
X1<14>         |Y1<4>          |   23.231|
X1<14>         |Y1<5>          |   22.444|
X1<14>         |Y1<6>          |   22.980|
X1<14>         |Y1<7>          |   23.277|
X1<14>         |Y1<8>          |   22.681|
X1<14>         |Y1<9>          |   22.387|
X1<14>         |Y1<10>         |   23.062|
X1<14>         |Y1<11>         |   23.336|
X1<14>         |Y1<12>         |   23.725|
X1<14>         |Y1<13>         |   23.460|
X1<14>         |Y1<14>         |   23.592|
X1<14>         |Y1<15>         |   23.430|
X1<15>         |Y1<0>          |   20.749|
X1<15>         |Y1<1>          |   23.138|
X1<15>         |Y1<2>          |   23.146|
X1<15>         |Y1<3>          |   22.908|
X1<15>         |Y1<4>          |   23.434|
X1<15>         |Y1<5>          |   22.647|
X1<15>         |Y1<6>          |   23.183|
X1<15>         |Y1<7>          |   23.480|
X1<15>         |Y1<8>          |   22.884|
X1<15>         |Y1<9>          |   22.590|
X1<15>         |Y1<10>         |   23.265|
X1<15>         |Y1<11>         |   23.539|
X1<15>         |Y1<12>         |   23.928|
X1<15>         |Y1<13>         |   23.663|
X1<15>         |Y1<14>         |   23.795|
X1<15>         |Y1<15>         |   23.633|
X2<0>          |Y3<0>          |    8.494|
X2<0>          |Y3<1>          |    8.538|
X2<0>          |Y3<2>          |    9.079|
X2<0>          |Y3<3>          |    9.525|
X2<0>          |Y3<4>          |    9.128|
X2<0>          |Y3<5>          |   10.616|
X2<0>          |Y3<6>          |   10.223|
X2<0>          |Y3<7>          |    9.854|
X2<0>          |Y3<8>          |   10.088|
X2<0>          |Y3<9>          |    9.959|
X2<0>          |Y3<10>         |   10.206|
X2<0>          |Y3<11>         |   10.739|
X2<0>          |Y3<12>         |    9.738|
X2<0>          |Y3<13>         |   10.007|
X2<0>          |Y3<14>         |    9.718|
X2<0>          |Y3<15>         |   10.179|
X2<1>          |Y3<1>          |    7.390|
X2<1>          |Y3<2>          |    8.180|
X2<1>          |Y3<3>          |    8.626|
X2<1>          |Y3<4>          |    8.229|
X2<1>          |Y3<5>          |    9.717|
X2<1>          |Y3<6>          |    9.324|
X2<1>          |Y3<7>          |    8.955|
X2<1>          |Y3<8>          |    9.189|
X2<1>          |Y3<9>          |    9.060|
X2<1>          |Y3<10>         |    9.307|
X2<1>          |Y3<11>         |    9.840|
X2<1>          |Y3<12>         |    8.839|
X2<1>          |Y3<13>         |    9.108|
X2<1>          |Y3<14>         |    8.819|
X2<1>          |Y3<15>         |    9.280|
X2<2>          |Y3<2>          |    8.299|
X2<2>          |Y3<3>          |    8.919|
X2<2>          |Y3<4>          |    8.794|
X2<2>          |Y3<5>          |   10.282|
X2<2>          |Y3<6>          |    9.889|
X2<2>          |Y3<7>          |    9.520|
X2<2>          |Y3<8>          |    9.754|
X2<2>          |Y3<9>          |    9.625|
X2<2>          |Y3<10>         |    9.872|
X2<2>          |Y3<11>         |   10.405|
X2<2>          |Y3<12>         |    9.404|
X2<2>          |Y3<13>         |    9.673|
X2<2>          |Y3<14>         |    9.384|
X2<2>          |Y3<15>         |    9.845|
X2<3>          |Y3<3>          |    7.391|
X2<3>          |Y3<4>          |    7.515|
X2<3>          |Y3<5>          |    9.003|
X2<3>          |Y3<6>          |    8.610|
X2<3>          |Y3<7>          |    8.241|
X2<3>          |Y3<8>          |    8.475|
X2<3>          |Y3<9>          |    8.346|
X2<3>          |Y3<10>         |    8.593|
X2<3>          |Y3<11>         |    9.126|
X2<3>          |Y3<12>         |    8.125|
X2<3>          |Y3<13>         |    8.394|
X2<3>          |Y3<14>         |    8.105|
X2<3>          |Y3<15>         |    8.566|
X2<4>          |Y3<4>          |    7.640|
X2<4>          |Y3<5>          |    9.302|
X2<4>          |Y3<6>          |    9.181|
X2<4>          |Y3<7>          |    8.812|
X2<4>          |Y3<8>          |    9.046|
X2<4>          |Y3<9>          |    8.917|
X2<4>          |Y3<10>         |    9.164|
X2<4>          |Y3<11>         |    9.697|
X2<4>          |Y3<12>         |    8.696|
X2<4>          |Y3<13>         |    8.965|
X2<4>          |Y3<14>         |    8.676|
X2<4>          |Y3<15>         |    9.137|
X2<5>          |Y3<5>          |    8.425|
X2<5>          |Y3<6>          |    8.553|
X2<5>          |Y3<7>          |    8.184|
X2<5>          |Y3<8>          |    8.418|
X2<5>          |Y3<9>          |    8.289|
X2<5>          |Y3<10>         |    8.536|
X2<5>          |Y3<11>         |    9.069|
X2<5>          |Y3<12>         |    8.068|
X2<5>          |Y3<13>         |    8.337|
X2<5>          |Y3<14>         |    8.048|
X2<5>          |Y3<15>         |    8.509|
X2<6>          |Y3<6>          |    7.780|
X2<6>          |Y3<7>          |    7.585|
X2<6>          |Y3<8>          |    8.091|
X2<6>          |Y3<9>          |    7.962|
X2<6>          |Y3<10>         |    8.209|
X2<6>          |Y3<11>         |    8.742|
X2<6>          |Y3<12>         |    7.741|
X2<6>          |Y3<13>         |    8.010|
X2<6>          |Y3<14>         |    7.721|
X2<6>          |Y3<15>         |    8.182|
X2<7>          |Y3<7>          |    8.480|
X2<7>          |Y3<8>          |    9.235|
X2<7>          |Y3<9>          |    9.106|
X2<7>          |Y3<10>         |    9.353|
X2<7>          |Y3<11>         |    9.886|
X2<7>          |Y3<12>         |    8.885|
X2<7>          |Y3<13>         |    9.154|
X2<7>          |Y3<14>         |    8.865|
X2<7>          |Y3<15>         |    9.326|
X2<8>          |Y3<8>          |    7.527|
X2<8>          |Y3<9>          |    7.572|
X2<8>          |Y3<10>         |    8.091|
X2<8>          |Y3<11>         |    8.624|
X2<8>          |Y3<12>         |    7.623|
X2<8>          |Y3<13>         |    7.892|
X2<8>          |Y3<14>         |    7.603|
X2<8>          |Y3<15>         |    8.064|
X2<9>          |Y3<9>          |    7.412|
X2<9>          |Y3<10>         |    8.180|
X2<9>          |Y3<11>         |    8.713|
X2<9>          |Y3<12>         |    7.712|
X2<9>          |Y3<13>         |    7.981|
X2<9>          |Y3<14>         |    7.692|
X2<9>          |Y3<15>         |    8.153|
X2<10>         |Y3<10>         |    8.476|
X2<10>         |Y3<11>         |    9.183|
X2<10>         |Y3<12>         |    8.454|
X2<10>         |Y3<13>         |    8.723|
X2<10>         |Y3<14>         |    8.434|
X2<10>         |Y3<15>         |    8.895|
X2<11>         |Y3<11>         |    7.796|
X2<11>         |Y3<12>         |    7.316|
X2<11>         |Y3<13>         |    7.585|
X2<11>         |Y3<14>         |    7.296|
X2<11>         |Y3<15>         |    7.757|
X2<12>         |Y3<12>         |    7.521|
X2<12>         |Y3<13>         |    7.964|
X2<12>         |Y3<14>         |    7.947|
X2<12>         |Y3<15>         |    8.408|
X2<13>         |Y3<13>         |    7.419|
X2<13>         |Y3<14>         |    7.651|
X2<13>         |Y3<15>         |    8.112|
X2<14>         |Y3<14>         |    7.718|
X2<14>         |Y3<15>         |    8.353|
X2<15>         |Y3<15>         |    7.713|
X3<0>          |Y2<0>          |    7.997|
X3<0>          |Y2<1>          |    8.836|
X3<0>          |Y2<2>          |    8.554|
X3<0>          |Y2<3>          |    9.488|
X3<0>          |Y2<4>          |    8.879|
X3<0>          |Y2<5>          |    9.256|
X3<0>          |Y2<6>          |    9.397|
X3<0>          |Y2<7>          |    9.413|
X3<0>          |Y2<8>          |    9.093|
X3<0>          |Y2<9>          |    9.914|
X3<0>          |Y2<10>         |    9.158|
X3<0>          |Y2<11>         |    9.959|
X3<0>          |Y2<12>         |    8.459|
X3<0>          |Y2<13>         |    8.866|
X3<0>          |Y2<14>         |    8.577|
X3<0>          |Y2<15>         |    9.220|
X3<1>          |Y2<1>          |    8.191|
X3<1>          |Y2<2>          |    8.158|
X3<1>          |Y2<3>          |    9.092|
X3<1>          |Y2<4>          |    8.483|
X3<1>          |Y2<5>          |    8.860|
X3<1>          |Y2<6>          |    9.001|
X3<1>          |Y2<7>          |    9.017|
X3<1>          |Y2<8>          |    8.697|
X3<1>          |Y2<9>          |    9.518|
X3<1>          |Y2<10>         |    8.762|
X3<1>          |Y2<11>         |    9.563|
X3<1>          |Y2<12>         |    8.063|
X3<1>          |Y2<13>         |    8.470|
X3<1>          |Y2<14>         |    8.181|
X3<1>          |Y2<15>         |    8.824|
X3<2>          |Y2<2>          |    7.884|
X3<2>          |Y2<3>          |    8.992|
X3<2>          |Y2<4>          |    8.655|
X3<2>          |Y2<5>          |    9.032|
X3<2>          |Y2<6>          |    9.173|
X3<2>          |Y2<7>          |    9.189|
X3<2>          |Y2<8>          |    8.869|
X3<2>          |Y2<9>          |    9.690|
X3<2>          |Y2<10>         |    8.934|
X3<2>          |Y2<11>         |    9.735|
X3<2>          |Y2<12>         |    8.235|
X3<2>          |Y2<13>         |    8.642|
X3<2>          |Y2<14>         |    8.353|
X3<2>          |Y2<15>         |    8.996|
X3<3>          |Y2<3>          |    8.013|
X3<3>          |Y2<4>          |    7.925|
X3<3>          |Y2<5>          |    8.302|
X3<3>          |Y2<6>          |    8.443|
X3<3>          |Y2<7>          |    8.459|
X3<3>          |Y2<8>          |    8.139|
X3<3>          |Y2<9>          |    8.960|
X3<3>          |Y2<10>         |    8.204|
X3<3>          |Y2<11>         |    9.005|
X3<3>          |Y2<12>         |    7.505|
X3<3>          |Y2<13>         |    7.912|
X3<3>          |Y2<14>         |    7.623|
X3<3>          |Y2<15>         |    8.266|
X3<4>          |Y2<4>          |    7.498|
X3<4>          |Y2<5>          |    8.049|
X3<4>          |Y2<6>          |    8.462|
X3<4>          |Y2<7>          |    8.478|
X3<4>          |Y2<8>          |    8.158|
X3<4>          |Y2<9>          |    8.979|
X3<4>          |Y2<10>         |    8.223|
X3<4>          |Y2<11>         |    9.024|
X3<4>          |Y2<12>         |    7.524|
X3<4>          |Y2<13>         |    7.931|
X3<4>          |Y2<14>         |    7.642|
X3<4>          |Y2<15>         |    8.285|
X3<5>          |Y2<5>          |    7.318|
X3<5>          |Y2<6>          |    7.980|
X3<5>          |Y2<7>          |    7.996|
X3<5>          |Y2<8>          |    7.676|
X3<5>          |Y2<9>          |    8.497|
X3<5>          |Y2<10>         |    7.741|
X3<5>          |Y2<11>         |    8.542|
X3<5>          |Y2<12>         |    7.042|
X3<5>          |Y2<13>         |    7.449|
X3<5>          |Y2<14>         |    7.160|
X3<5>          |Y2<15>         |    7.803|
X3<6>          |Y2<6>          |    8.141|
X3<6>          |Y2<7>          |    8.331|
X3<6>          |Y2<8>          |    8.283|
X3<6>          |Y2<9>          |    9.104|
X3<6>          |Y2<10>         |    8.348|
X3<6>          |Y2<11>         |    9.149|
X3<6>          |Y2<12>         |    7.649|
X3<6>          |Y2<13>         |    8.056|
X3<6>          |Y2<14>         |    7.767|
X3<6>          |Y2<15>         |    8.410|
X3<7>          |Y2<7>          |    7.478|
X3<7>          |Y2<8>          |    7.679|
X3<7>          |Y2<9>          |    8.500|
X3<7>          |Y2<10>         |    7.744|
X3<7>          |Y2<11>         |    8.545|
X3<7>          |Y2<12>         |    7.045|
X3<7>          |Y2<13>         |    7.452|
X3<7>          |Y2<14>         |    7.163|
X3<7>          |Y2<15>         |    7.806|
X3<8>          |Y2<8>          |    8.053|
X3<8>          |Y2<9>          |    9.048|
X3<8>          |Y2<10>         |    8.564|
X3<8>          |Y2<11>         |    9.365|
X3<8>          |Y2<12>         |    7.865|
X3<8>          |Y2<13>         |    8.272|
X3<8>          |Y2<14>         |    7.983|
X3<8>          |Y2<15>         |    8.626|
X3<9>          |Y2<9>          |    7.740|
X3<9>          |Y2<10>         |    7.505|
X3<9>          |Y2<11>         |    8.306|
X3<9>          |Y2<12>         |    6.806|
X3<9>          |Y2<13>         |    7.213|
X3<9>          |Y2<14>         |    6.924|
X3<9>          |Y2<15>         |    7.567|
X3<10>         |Y2<10>         |    7.664|
X3<10>         |Y2<11>         |    8.639|
X3<10>         |Y2<12>         |    7.411|
X3<10>         |Y2<13>         |    7.818|
X3<10>         |Y2<14>         |    7.529|
X3<10>         |Y2<15>         |    8.172|
X3<11>         |Y2<11>         |    8.146|
X3<11>         |Y2<12>         |    7.167|
X3<11>         |Y2<13>         |    7.574|
X3<11>         |Y2<14>         |    7.285|
X3<11>         |Y2<15>         |    7.928|
X3<12>         |Y2<12>         |    6.950|
X3<12>         |Y2<13>         |    7.531|
X3<12>         |Y2<14>         |    7.514|
X3<12>         |Y2<15>         |    8.157|
X3<13>         |Y2<13>         |    6.793|
X3<13>         |Y2<14>         |    7.025|
X3<13>         |Y2<15>         |    7.668|
X3<14>         |Y2<14>         |    6.986|
X3<14>         |Y2<15>         |    7.803|
X3<15>         |Y2<15>         |    7.169|
X4<0>          |Y4<0>          |   21.085|
X4<0>          |Y4<1>          |   23.019|
X4<0>          |Y4<2>          |   23.633|
X4<0>          |Y4<3>          |   23.445|
X4<0>          |Y4<4>          |   23.444|
X4<0>          |Y4<5>          |   23.638|
X4<0>          |Y4<6>          |   24.559|
X4<0>          |Y4<7>          |   23.696|
X4<0>          |Y4<8>          |   24.714|
X4<0>          |Y4<9>          |   24.363|
X4<0>          |Y4<10>         |   24.272|
X4<0>          |Y4<11>         |   24.216|
X4<0>          |Y4<12>         |   24.601|
X4<0>          |Y4<13>         |   24.318|
X4<0>          |Y4<14>         |   24.430|
X4<0>          |Y4<15>         |   24.129|
X4<1>          |Y4<0>          |   21.401|
X4<1>          |Y4<1>          |   23.335|
X4<1>          |Y4<2>          |   23.949|
X4<1>          |Y4<3>          |   23.761|
X4<1>          |Y4<4>          |   23.760|
X4<1>          |Y4<5>          |   23.954|
X4<1>          |Y4<6>          |   24.875|
X4<1>          |Y4<7>          |   24.012|
X4<1>          |Y4<8>          |   25.030|
X4<1>          |Y4<9>          |   24.679|
X4<1>          |Y4<10>         |   24.588|
X4<1>          |Y4<11>         |   24.532|
X4<1>          |Y4<12>         |   24.917|
X4<1>          |Y4<13>         |   24.634|
X4<1>          |Y4<14>         |   24.746|
X4<1>          |Y4<15>         |   24.445|
X4<2>          |Y4<0>          |   21.808|
X4<2>          |Y4<1>          |   23.742|
X4<2>          |Y4<2>          |   24.356|
X4<2>          |Y4<3>          |   24.168|
X4<2>          |Y4<4>          |   24.167|
X4<2>          |Y4<5>          |   24.361|
X4<2>          |Y4<6>          |   25.282|
X4<2>          |Y4<7>          |   24.419|
X4<2>          |Y4<8>          |   25.437|
X4<2>          |Y4<9>          |   25.086|
X4<2>          |Y4<10>         |   24.995|
X4<2>          |Y4<11>         |   24.939|
X4<2>          |Y4<12>         |   25.324|
X4<2>          |Y4<13>         |   25.041|
X4<2>          |Y4<14>         |   25.153|
X4<2>          |Y4<15>         |   24.852|
X4<3>          |Y4<0>          |   21.461|
X4<3>          |Y4<1>          |   23.395|
X4<3>          |Y4<2>          |   24.009|
X4<3>          |Y4<3>          |   23.821|
X4<3>          |Y4<4>          |   23.820|
X4<3>          |Y4<5>          |   24.014|
X4<3>          |Y4<6>          |   24.935|
X4<3>          |Y4<7>          |   24.072|
X4<3>          |Y4<8>          |   25.090|
X4<3>          |Y4<9>          |   24.739|
X4<3>          |Y4<10>         |   24.648|
X4<3>          |Y4<11>         |   24.592|
X4<3>          |Y4<12>         |   24.977|
X4<3>          |Y4<13>         |   24.694|
X4<3>          |Y4<14>         |   24.806|
X4<3>          |Y4<15>         |   24.505|
X4<4>          |Y4<0>          |   21.569|
X4<4>          |Y4<1>          |   23.503|
X4<4>          |Y4<2>          |   24.117|
X4<4>          |Y4<3>          |   23.929|
X4<4>          |Y4<4>          |   23.928|
X4<4>          |Y4<5>          |   24.122|
X4<4>          |Y4<6>          |   25.043|
X4<4>          |Y4<7>          |   24.180|
X4<4>          |Y4<8>          |   25.198|
X4<4>          |Y4<9>          |   24.847|
X4<4>          |Y4<10>         |   24.756|
X4<4>          |Y4<11>         |   24.700|
X4<4>          |Y4<12>         |   25.085|
X4<4>          |Y4<13>         |   24.802|
X4<4>          |Y4<14>         |   24.914|
X4<4>          |Y4<15>         |   24.613|
X4<5>          |Y4<0>          |   21.721|
X4<5>          |Y4<1>          |   23.655|
X4<5>          |Y4<2>          |   24.269|
X4<5>          |Y4<3>          |   24.081|
X4<5>          |Y4<4>          |   24.080|
X4<5>          |Y4<5>          |   24.274|
X4<5>          |Y4<6>          |   25.195|
X4<5>          |Y4<7>          |   24.332|
X4<5>          |Y4<8>          |   25.350|
X4<5>          |Y4<9>          |   24.999|
X4<5>          |Y4<10>         |   24.908|
X4<5>          |Y4<11>         |   24.852|
X4<5>          |Y4<12>         |   25.237|
X4<5>          |Y4<13>         |   24.954|
X4<5>          |Y4<14>         |   25.066|
X4<5>          |Y4<15>         |   24.765|
X4<6>          |Y4<0>          |   21.177|
X4<6>          |Y4<1>          |   23.111|
X4<6>          |Y4<2>          |   23.725|
X4<6>          |Y4<3>          |   23.537|
X4<6>          |Y4<4>          |   23.536|
X4<6>          |Y4<5>          |   23.730|
X4<6>          |Y4<6>          |   24.651|
X4<6>          |Y4<7>          |   23.788|
X4<6>          |Y4<8>          |   24.806|
X4<6>          |Y4<9>          |   24.455|
X4<6>          |Y4<10>         |   24.364|
X4<6>          |Y4<11>         |   24.308|
X4<6>          |Y4<12>         |   24.693|
X4<6>          |Y4<13>         |   24.410|
X4<6>          |Y4<14>         |   24.522|
X4<6>          |Y4<15>         |   24.221|
X4<7>          |Y4<0>          |   21.346|
X4<7>          |Y4<1>          |   23.280|
X4<7>          |Y4<2>          |   23.894|
X4<7>          |Y4<3>          |   23.706|
X4<7>          |Y4<4>          |   23.705|
X4<7>          |Y4<5>          |   23.899|
X4<7>          |Y4<6>          |   24.820|
X4<7>          |Y4<7>          |   23.957|
X4<7>          |Y4<8>          |   24.975|
X4<7>          |Y4<9>          |   24.624|
X4<7>          |Y4<10>         |   24.533|
X4<7>          |Y4<11>         |   24.477|
X4<7>          |Y4<12>         |   24.862|
X4<7>          |Y4<13>         |   24.579|
X4<7>          |Y4<14>         |   24.691|
X4<7>          |Y4<15>         |   24.390|
X4<8>          |Y4<0>          |   21.361|
X4<8>          |Y4<1>          |   23.295|
X4<8>          |Y4<2>          |   23.909|
X4<8>          |Y4<3>          |   23.721|
X4<8>          |Y4<4>          |   23.720|
X4<8>          |Y4<5>          |   23.914|
X4<8>          |Y4<6>          |   24.835|
X4<8>          |Y4<7>          |   23.972|
X4<8>          |Y4<8>          |   24.990|
X4<8>          |Y4<9>          |   24.639|
X4<8>          |Y4<10>         |   24.548|
X4<8>          |Y4<11>         |   24.492|
X4<8>          |Y4<12>         |   24.877|
X4<8>          |Y4<13>         |   24.594|
X4<8>          |Y4<14>         |   24.706|
X4<8>          |Y4<15>         |   24.405|
X4<9>          |Y4<0>          |   21.784|
X4<9>          |Y4<1>          |   23.718|
X4<9>          |Y4<2>          |   24.332|
X4<9>          |Y4<3>          |   24.144|
X4<9>          |Y4<4>          |   24.143|
X4<9>          |Y4<5>          |   24.337|
X4<9>          |Y4<6>          |   25.258|
X4<9>          |Y4<7>          |   24.395|
X4<9>          |Y4<8>          |   25.413|
X4<9>          |Y4<9>          |   25.062|
X4<9>          |Y4<10>         |   24.971|
X4<9>          |Y4<11>         |   24.915|
X4<9>          |Y4<12>         |   25.300|
X4<9>          |Y4<13>         |   25.017|
X4<9>          |Y4<14>         |   25.129|
X4<9>          |Y4<15>         |   24.828|
X4<10>         |Y4<0>          |   21.361|
X4<10>         |Y4<1>          |   23.295|
X4<10>         |Y4<2>          |   23.909|
X4<10>         |Y4<3>          |   23.721|
X4<10>         |Y4<4>          |   23.720|
X4<10>         |Y4<5>          |   23.914|
X4<10>         |Y4<6>          |   24.835|
X4<10>         |Y4<7>          |   23.972|
X4<10>         |Y4<8>          |   24.990|
X4<10>         |Y4<9>          |   24.639|
X4<10>         |Y4<10>         |   24.548|
X4<10>         |Y4<11>         |   24.492|
X4<10>         |Y4<12>         |   24.877|
X4<10>         |Y4<13>         |   24.594|
X4<10>         |Y4<14>         |   24.706|
X4<10>         |Y4<15>         |   24.405|
X4<11>         |Y4<0>          |   21.676|
X4<11>         |Y4<1>          |   23.610|
X4<11>         |Y4<2>          |   24.224|
X4<11>         |Y4<3>          |   24.036|
X4<11>         |Y4<4>          |   24.035|
X4<11>         |Y4<5>          |   24.229|
X4<11>         |Y4<6>          |   25.150|
X4<11>         |Y4<7>          |   24.287|
X4<11>         |Y4<8>          |   25.305|
X4<11>         |Y4<9>          |   24.954|
X4<11>         |Y4<10>         |   24.863|
X4<11>         |Y4<11>         |   24.807|
X4<11>         |Y4<12>         |   25.192|
X4<11>         |Y4<13>         |   24.909|
X4<11>         |Y4<14>         |   25.021|
X4<11>         |Y4<15>         |   24.720|
X4<12>         |Y4<0>          |   20.702|
X4<12>         |Y4<1>          |   22.636|
X4<12>         |Y4<2>          |   23.250|
X4<12>         |Y4<3>          |   23.062|
X4<12>         |Y4<4>          |   23.061|
X4<12>         |Y4<5>          |   23.255|
X4<12>         |Y4<6>          |   24.176|
X4<12>         |Y4<7>          |   23.313|
X4<12>         |Y4<8>          |   24.331|
X4<12>         |Y4<9>          |   23.980|
X4<12>         |Y4<10>         |   23.889|
X4<12>         |Y4<11>         |   23.833|
X4<12>         |Y4<12>         |   24.218|
X4<12>         |Y4<13>         |   23.935|
X4<12>         |Y4<14>         |   24.047|
X4<12>         |Y4<15>         |   23.746|
X4<13>         |Y4<0>          |   21.296|
X4<13>         |Y4<1>          |   23.230|
X4<13>         |Y4<2>          |   23.844|
X4<13>         |Y4<3>          |   23.656|
X4<13>         |Y4<4>          |   23.655|
X4<13>         |Y4<5>          |   23.849|
X4<13>         |Y4<6>          |   24.770|
X4<13>         |Y4<7>          |   23.907|
X4<13>         |Y4<8>          |   24.925|
X4<13>         |Y4<9>          |   24.574|
X4<13>         |Y4<10>         |   24.483|
X4<13>         |Y4<11>         |   24.427|
X4<13>         |Y4<12>         |   24.812|
X4<13>         |Y4<13>         |   24.529|
X4<13>         |Y4<14>         |   24.641|
X4<13>         |Y4<15>         |   24.340|
X4<14>         |Y4<0>          |   21.530|
X4<14>         |Y4<1>          |   23.464|
X4<14>         |Y4<2>          |   24.078|
X4<14>         |Y4<3>          |   23.890|
X4<14>         |Y4<4>          |   23.889|
X4<14>         |Y4<5>          |   24.083|
X4<14>         |Y4<6>          |   25.004|
X4<14>         |Y4<7>          |   24.141|
X4<14>         |Y4<8>          |   25.159|
X4<14>         |Y4<9>          |   24.808|
X4<14>         |Y4<10>         |   24.717|
X4<14>         |Y4<11>         |   24.661|
X4<14>         |Y4<12>         |   25.046|
X4<14>         |Y4<13>         |   24.763|
X4<14>         |Y4<14>         |   24.875|
X4<14>         |Y4<15>         |   24.574|
X4<15>         |Y4<0>          |   21.701|
X4<15>         |Y4<1>          |   23.635|
X4<15>         |Y4<2>          |   24.249|
X4<15>         |Y4<3>          |   24.061|
X4<15>         |Y4<4>          |   24.060|
X4<15>         |Y4<5>          |   24.254|
X4<15>         |Y4<6>          |   25.175|
X4<15>         |Y4<7>          |   24.312|
X4<15>         |Y4<8>          |   25.330|
X4<15>         |Y4<9>          |   24.979|
X4<15>         |Y4<10>         |   24.888|
X4<15>         |Y4<11>         |   24.832|
X4<15>         |Y4<12>         |   25.217|
X4<15>         |Y4<13>         |   24.934|
X4<15>         |Y4<14>         |   25.046|
X4<15>         |Y4<15>         |   24.745|
Z1<0>          |Y1<0>          |   22.941|
Z1<0>          |Y1<1>          |   25.330|
Z1<0>          |Y1<2>          |   25.338|
Z1<0>          |Y1<3>          |   25.100|
Z1<0>          |Y1<4>          |   25.626|
Z1<0>          |Y1<5>          |   24.839|
Z1<0>          |Y1<6>          |   25.375|
Z1<0>          |Y1<7>          |   25.672|
Z1<0>          |Y1<8>          |   25.076|
Z1<0>          |Y1<9>          |   24.782|
Z1<0>          |Y1<10>         |   25.457|
Z1<0>          |Y1<11>         |   25.731|
Z1<0>          |Y1<12>         |   26.120|
Z1<0>          |Y1<13>         |   25.855|
Z1<0>          |Y1<14>         |   25.987|
Z1<0>          |Y1<15>         |   25.825|
Z1<1>          |Y1<0>          |   22.754|
Z1<1>          |Y1<1>          |   25.143|
Z1<1>          |Y1<2>          |   25.151|
Z1<1>          |Y1<3>          |   24.913|
Z1<1>          |Y1<4>          |   25.439|
Z1<1>          |Y1<5>          |   24.652|
Z1<1>          |Y1<6>          |   25.188|
Z1<1>          |Y1<7>          |   25.485|
Z1<1>          |Y1<8>          |   24.889|
Z1<1>          |Y1<9>          |   24.595|
Z1<1>          |Y1<10>         |   25.270|
Z1<1>          |Y1<11>         |   25.544|
Z1<1>          |Y1<12>         |   25.933|
Z1<1>          |Y1<13>         |   25.668|
Z1<1>          |Y1<14>         |   25.800|
Z1<1>          |Y1<15>         |   25.638|
Z1<2>          |Y1<0>          |   22.710|
Z1<2>          |Y1<1>          |   25.099|
Z1<2>          |Y1<2>          |   25.107|
Z1<2>          |Y1<3>          |   24.869|
Z1<2>          |Y1<4>          |   25.395|
Z1<2>          |Y1<5>          |   24.608|
Z1<2>          |Y1<6>          |   25.144|
Z1<2>          |Y1<7>          |   25.441|
Z1<2>          |Y1<8>          |   24.845|
Z1<2>          |Y1<9>          |   24.551|
Z1<2>          |Y1<10>         |   25.226|
Z1<2>          |Y1<11>         |   25.500|
Z1<2>          |Y1<12>         |   25.889|
Z1<2>          |Y1<13>         |   25.624|
Z1<2>          |Y1<14>         |   25.756|
Z1<2>          |Y1<15>         |   25.594|
Z1<3>          |Y1<0>          |   22.373|
Z1<3>          |Y1<1>          |   24.762|
Z1<3>          |Y1<2>          |   24.770|
Z1<3>          |Y1<3>          |   24.532|
Z1<3>          |Y1<4>          |   25.058|
Z1<3>          |Y1<5>          |   24.271|
Z1<3>          |Y1<6>          |   24.807|
Z1<3>          |Y1<7>          |   25.104|
Z1<3>          |Y1<8>          |   24.508|
Z1<3>          |Y1<9>          |   24.214|
Z1<3>          |Y1<10>         |   24.889|
Z1<3>          |Y1<11>         |   25.163|
Z1<3>          |Y1<12>         |   25.552|
Z1<3>          |Y1<13>         |   25.287|
Z1<3>          |Y1<14>         |   25.419|
Z1<3>          |Y1<15>         |   25.257|
Z1<4>          |Y1<0>          |   22.445|
Z1<4>          |Y1<1>          |   24.834|
Z1<4>          |Y1<2>          |   24.842|
Z1<4>          |Y1<3>          |   24.604|
Z1<4>          |Y1<4>          |   25.130|
Z1<4>          |Y1<5>          |   24.343|
Z1<4>          |Y1<6>          |   24.879|
Z1<4>          |Y1<7>          |   25.176|
Z1<4>          |Y1<8>          |   24.580|
Z1<4>          |Y1<9>          |   24.286|
Z1<4>          |Y1<10>         |   24.961|
Z1<4>          |Y1<11>         |   25.235|
Z1<4>          |Y1<12>         |   25.624|
Z1<4>          |Y1<13>         |   25.359|
Z1<4>          |Y1<14>         |   25.491|
Z1<4>          |Y1<15>         |   25.329|
Z1<5>          |Y1<0>          |   22.521|
Z1<5>          |Y1<1>          |   24.910|
Z1<5>          |Y1<2>          |   24.918|
Z1<5>          |Y1<3>          |   24.680|
Z1<5>          |Y1<4>          |   25.206|
Z1<5>          |Y1<5>          |   24.419|
Z1<5>          |Y1<6>          |   24.955|
Z1<5>          |Y1<7>          |   25.252|
Z1<5>          |Y1<8>          |   24.656|
Z1<5>          |Y1<9>          |   24.362|
Z1<5>          |Y1<10>         |   25.037|
Z1<5>          |Y1<11>         |   25.311|
Z1<5>          |Y1<12>         |   25.700|
Z1<5>          |Y1<13>         |   25.435|
Z1<5>          |Y1<14>         |   25.567|
Z1<5>          |Y1<15>         |   25.405|
Z1<6>          |Y1<0>          |   21.666|
Z1<6>          |Y1<1>          |   24.055|
Z1<6>          |Y1<2>          |   24.063|
Z1<6>          |Y1<3>          |   23.825|
Z1<6>          |Y1<4>          |   24.351|
Z1<6>          |Y1<5>          |   23.564|
Z1<6>          |Y1<6>          |   24.100|
Z1<6>          |Y1<7>          |   24.397|
Z1<6>          |Y1<8>          |   23.801|
Z1<6>          |Y1<9>          |   23.507|
Z1<6>          |Y1<10>         |   24.182|
Z1<6>          |Y1<11>         |   24.456|
Z1<6>          |Y1<12>         |   24.845|
Z1<6>          |Y1<13>         |   24.580|
Z1<6>          |Y1<14>         |   24.712|
Z1<6>          |Y1<15>         |   24.550|
Z1<7>          |Y1<0>          |   21.655|
Z1<7>          |Y1<1>          |   24.044|
Z1<7>          |Y1<2>          |   24.052|
Z1<7>          |Y1<3>          |   23.814|
Z1<7>          |Y1<4>          |   24.340|
Z1<7>          |Y1<5>          |   23.553|
Z1<7>          |Y1<6>          |   24.089|
Z1<7>          |Y1<7>          |   24.386|
Z1<7>          |Y1<8>          |   23.790|
Z1<7>          |Y1<9>          |   23.496|
Z1<7>          |Y1<10>         |   24.171|
Z1<7>          |Y1<11>         |   24.445|
Z1<7>          |Y1<12>         |   24.834|
Z1<7>          |Y1<13>         |   24.569|
Z1<7>          |Y1<14>         |   24.701|
Z1<7>          |Y1<15>         |   24.539|
Z1<8>          |Y1<0>          |   22.333|
Z1<8>          |Y1<1>          |   24.722|
Z1<8>          |Y1<2>          |   24.730|
Z1<8>          |Y1<3>          |   24.492|
Z1<8>          |Y1<4>          |   25.018|
Z1<8>          |Y1<5>          |   24.231|
Z1<8>          |Y1<6>          |   24.767|
Z1<8>          |Y1<7>          |   25.064|
Z1<8>          |Y1<8>          |   24.468|
Z1<8>          |Y1<9>          |   24.174|
Z1<8>          |Y1<10>         |   24.849|
Z1<8>          |Y1<11>         |   25.123|
Z1<8>          |Y1<12>         |   25.512|
Z1<8>          |Y1<13>         |   25.247|
Z1<8>          |Y1<14>         |   25.379|
Z1<8>          |Y1<15>         |   25.217|
Z1<9>          |Y1<0>          |   22.223|
Z1<9>          |Y1<1>          |   24.612|
Z1<9>          |Y1<2>          |   24.620|
Z1<9>          |Y1<3>          |   24.382|
Z1<9>          |Y1<4>          |   24.908|
Z1<9>          |Y1<5>          |   24.121|
Z1<9>          |Y1<6>          |   24.657|
Z1<9>          |Y1<7>          |   24.954|
Z1<9>          |Y1<8>          |   24.358|
Z1<9>          |Y1<9>          |   24.064|
Z1<9>          |Y1<10>         |   24.739|
Z1<9>          |Y1<11>         |   25.013|
Z1<9>          |Y1<12>         |   25.402|
Z1<9>          |Y1<13>         |   25.137|
Z1<9>          |Y1<14>         |   25.269|
Z1<9>          |Y1<15>         |   25.107|
Z1<10>         |Y1<0>          |   22.940|
Z1<10>         |Y1<1>          |   25.329|
Z1<10>         |Y1<2>          |   25.337|
Z1<10>         |Y1<3>          |   25.099|
Z1<10>         |Y1<4>          |   25.625|
Z1<10>         |Y1<5>          |   24.838|
Z1<10>         |Y1<6>          |   25.374|
Z1<10>         |Y1<7>          |   25.671|
Z1<10>         |Y1<8>          |   25.075|
Z1<10>         |Y1<9>          |   24.781|
Z1<10>         |Y1<10>         |   25.456|
Z1<10>         |Y1<11>         |   25.730|
Z1<10>         |Y1<12>         |   26.119|
Z1<10>         |Y1<13>         |   25.854|
Z1<10>         |Y1<14>         |   25.986|
Z1<10>         |Y1<15>         |   25.824|
Z1<11>         |Y1<0>          |   22.519|
Z1<11>         |Y1<1>          |   24.908|
Z1<11>         |Y1<2>          |   24.916|
Z1<11>         |Y1<3>          |   24.678|
Z1<11>         |Y1<4>          |   25.204|
Z1<11>         |Y1<5>          |   24.417|
Z1<11>         |Y1<6>          |   24.953|
Z1<11>         |Y1<7>          |   25.250|
Z1<11>         |Y1<8>          |   24.654|
Z1<11>         |Y1<9>          |   24.360|
Z1<11>         |Y1<10>         |   25.035|
Z1<11>         |Y1<11>         |   25.309|
Z1<11>         |Y1<12>         |   25.698|
Z1<11>         |Y1<13>         |   25.433|
Z1<11>         |Y1<14>         |   25.565|
Z1<11>         |Y1<15>         |   25.403|
Z1<12>         |Y1<0>          |   21.247|
Z1<12>         |Y1<1>          |   23.636|
Z1<12>         |Y1<2>          |   23.644|
Z1<12>         |Y1<3>          |   23.406|
Z1<12>         |Y1<4>          |   23.932|
Z1<12>         |Y1<5>          |   23.145|
Z1<12>         |Y1<6>          |   23.681|
Z1<12>         |Y1<7>          |   23.978|
Z1<12>         |Y1<8>          |   23.382|
Z1<12>         |Y1<9>          |   23.088|
Z1<12>         |Y1<10>         |   23.763|
Z1<12>         |Y1<11>         |   24.037|
Z1<12>         |Y1<12>         |   24.426|
Z1<12>         |Y1<13>         |   24.161|
Z1<12>         |Y1<14>         |   24.293|
Z1<12>         |Y1<15>         |   24.131|
Z1<13>         |Y1<0>          |   21.276|
Z1<13>         |Y1<1>          |   23.665|
Z1<13>         |Y1<2>          |   23.673|
Z1<13>         |Y1<3>          |   23.435|
Z1<13>         |Y1<4>          |   23.961|
Z1<13>         |Y1<5>          |   23.174|
Z1<13>         |Y1<6>          |   23.710|
Z1<13>         |Y1<7>          |   24.007|
Z1<13>         |Y1<8>          |   23.411|
Z1<13>         |Y1<9>          |   23.117|
Z1<13>         |Y1<10>         |   23.792|
Z1<13>         |Y1<11>         |   24.066|
Z1<13>         |Y1<12>         |   24.455|
Z1<13>         |Y1<13>         |   24.190|
Z1<13>         |Y1<14>         |   24.322|
Z1<13>         |Y1<15>         |   24.160|
Z1<14>         |Y1<0>          |   21.694|
Z1<14>         |Y1<1>          |   24.083|
Z1<14>         |Y1<2>          |   24.091|
Z1<14>         |Y1<3>          |   23.853|
Z1<14>         |Y1<4>          |   24.379|
Z1<14>         |Y1<5>          |   23.592|
Z1<14>         |Y1<6>          |   24.128|
Z1<14>         |Y1<7>          |   24.425|
Z1<14>         |Y1<8>          |   23.829|
Z1<14>         |Y1<9>          |   23.535|
Z1<14>         |Y1<10>         |   24.210|
Z1<14>         |Y1<11>         |   24.484|
Z1<14>         |Y1<12>         |   24.873|
Z1<14>         |Y1<13>         |   24.608|
Z1<14>         |Y1<14>         |   24.740|
Z1<14>         |Y1<15>         |   24.578|
Z1<15>         |Y1<0>          |   21.648|
Z1<15>         |Y1<1>          |   24.037|
Z1<15>         |Y1<2>          |   24.045|
Z1<15>         |Y1<3>          |   23.807|
Z1<15>         |Y1<4>          |   24.333|
Z1<15>         |Y1<5>          |   23.546|
Z1<15>         |Y1<6>          |   24.082|
Z1<15>         |Y1<7>          |   24.379|
Z1<15>         |Y1<8>          |   23.783|
Z1<15>         |Y1<9>          |   23.489|
Z1<15>         |Y1<10>         |   24.164|
Z1<15>         |Y1<11>         |   24.438|
Z1<15>         |Y1<12>         |   24.827|
Z1<15>         |Y1<13>         |   24.562|
Z1<15>         |Y1<14>         |   24.694|
Z1<15>         |Y1<15>         |   24.532|
Z2<0>          |Y2<0>          |    7.861|
Z2<0>          |Y2<1>          |    8.700|
Z2<0>          |Y2<2>          |    8.418|
Z2<0>          |Y2<3>          |    9.352|
Z2<0>          |Y2<4>          |    8.743|
Z2<0>          |Y2<5>          |    9.120|
Z2<0>          |Y2<6>          |    9.261|
Z2<0>          |Y2<7>          |    9.277|
Z2<0>          |Y2<8>          |    8.957|
Z2<0>          |Y2<9>          |    9.778|
Z2<0>          |Y2<10>         |    9.022|
Z2<0>          |Y2<11>         |    9.823|
Z2<0>          |Y2<12>         |    8.323|
Z2<0>          |Y2<13>         |    8.730|
Z2<0>          |Y2<14>         |    8.441|
Z2<0>          |Y2<15>         |    9.084|
Z2<1>          |Y2<1>          |    8.583|
Z2<1>          |Y2<2>          |    8.550|
Z2<1>          |Y2<3>          |    9.484|
Z2<1>          |Y2<4>          |    8.875|
Z2<1>          |Y2<5>          |    9.252|
Z2<1>          |Y2<6>          |    9.393|
Z2<1>          |Y2<7>          |    9.409|
Z2<1>          |Y2<8>          |    9.089|
Z2<1>          |Y2<9>          |    9.910|
Z2<1>          |Y2<10>         |    9.154|
Z2<1>          |Y2<11>         |    9.955|
Z2<1>          |Y2<12>         |    8.455|
Z2<1>          |Y2<13>         |    8.862|
Z2<1>          |Y2<14>         |    8.573|
Z2<1>          |Y2<15>         |    9.216|
Z2<2>          |Y2<2>          |    7.878|
Z2<2>          |Y2<3>          |    8.986|
Z2<2>          |Y2<4>          |    8.649|
Z2<2>          |Y2<5>          |    9.026|
Z2<2>          |Y2<6>          |    9.167|
Z2<2>          |Y2<7>          |    9.183|
Z2<2>          |Y2<8>          |    8.863|
Z2<2>          |Y2<9>          |    9.684|
Z2<2>          |Y2<10>         |    8.928|
Z2<2>          |Y2<11>         |    9.729|
Z2<2>          |Y2<12>         |    8.229|
Z2<2>          |Y2<13>         |    8.636|
Z2<2>          |Y2<14>         |    8.347|
Z2<2>          |Y2<15>         |    8.990|
Z2<3>          |Y2<3>          |    7.985|
Z2<3>          |Y2<4>          |    7.897|
Z2<3>          |Y2<5>          |    8.274|
Z2<3>          |Y2<6>          |    8.415|
Z2<3>          |Y2<7>          |    8.431|
Z2<3>          |Y2<8>          |    8.111|
Z2<3>          |Y2<9>          |    8.932|
Z2<3>          |Y2<10>         |    8.176|
Z2<3>          |Y2<11>         |    8.977|
Z2<3>          |Y2<12>         |    7.477|
Z2<3>          |Y2<13>         |    7.884|
Z2<3>          |Y2<14>         |    7.595|
Z2<3>          |Y2<15>         |    8.238|
Z2<4>          |Y2<4>          |    7.810|
Z2<4>          |Y2<5>          |    8.361|
Z2<4>          |Y2<6>          |    8.774|
Z2<4>          |Y2<7>          |    8.790|
Z2<4>          |Y2<8>          |    8.470|
Z2<4>          |Y2<9>          |    9.291|
Z2<4>          |Y2<10>         |    8.535|
Z2<4>          |Y2<11>         |    9.336|
Z2<4>          |Y2<12>         |    7.836|
Z2<4>          |Y2<13>         |    8.243|
Z2<4>          |Y2<14>         |    7.954|
Z2<4>          |Y2<15>         |    8.597|
Z2<5>          |Y2<5>          |    7.906|
Z2<5>          |Y2<6>          |    8.568|
Z2<5>          |Y2<7>          |    8.584|
Z2<5>          |Y2<8>          |    8.264|
Z2<5>          |Y2<9>          |    9.085|
Z2<5>          |Y2<10>         |    8.329|
Z2<5>          |Y2<11>         |    9.130|
Z2<5>          |Y2<12>         |    7.630|
Z2<5>          |Y2<13>         |    8.037|
Z2<5>          |Y2<14>         |    7.748|
Z2<5>          |Y2<15>         |    8.391|
Z2<6>          |Y2<6>          |    8.646|
Z2<6>          |Y2<7>          |    8.836|
Z2<6>          |Y2<8>          |    8.788|
Z2<6>          |Y2<9>          |    9.609|
Z2<6>          |Y2<10>         |    8.853|
Z2<6>          |Y2<11>         |    9.654|
Z2<6>          |Y2<12>         |    8.154|
Z2<6>          |Y2<13>         |    8.561|
Z2<6>          |Y2<14>         |    8.272|
Z2<6>          |Y2<15>         |    8.915|
Z2<7>          |Y2<7>          |    7.922|
Z2<7>          |Y2<8>          |    8.123|
Z2<7>          |Y2<9>          |    8.944|
Z2<7>          |Y2<10>         |    8.188|
Z2<7>          |Y2<11>         |    8.989|
Z2<7>          |Y2<12>         |    7.489|
Z2<7>          |Y2<13>         |    7.896|
Z2<7>          |Y2<14>         |    7.607|
Z2<7>          |Y2<15>         |    8.250|
Z2<8>          |Y2<8>          |    7.787|
Z2<8>          |Y2<9>          |    8.782|
Z2<8>          |Y2<10>         |    8.298|
Z2<8>          |Y2<11>         |    9.099|
Z2<8>          |Y2<12>         |    7.599|
Z2<8>          |Y2<13>         |    8.006|
Z2<8>          |Y2<14>         |    7.717|
Z2<8>          |Y2<15>         |    8.360|
Z2<9>          |Y2<9>          |    8.305|
Z2<9>          |Y2<10>         |    8.070|
Z2<9>          |Y2<11>         |    8.871|
Z2<9>          |Y2<12>         |    7.371|
Z2<9>          |Y2<13>         |    7.778|
Z2<9>          |Y2<14>         |    7.489|
Z2<9>          |Y2<15>         |    8.132|
Z2<10>         |Y2<10>         |    8.015|
Z2<10>         |Y2<11>         |    8.990|
Z2<10>         |Y2<12>         |    7.762|
Z2<10>         |Y2<13>         |    8.169|
Z2<10>         |Y2<14>         |    7.880|
Z2<10>         |Y2<15>         |    8.523|
Z2<11>         |Y2<11>         |    8.920|
Z2<11>         |Y2<12>         |    7.941|
Z2<11>         |Y2<13>         |    8.348|
Z2<11>         |Y2<14>         |    8.059|
Z2<11>         |Y2<15>         |    8.702|
Z2<12>         |Y2<12>         |    7.283|
Z2<12>         |Y2<13>         |    7.864|
Z2<12>         |Y2<14>         |    7.847|
Z2<12>         |Y2<15>         |    8.490|
Z2<13>         |Y2<13>         |    7.447|
Z2<13>         |Y2<14>         |    7.679|
Z2<13>         |Y2<15>         |    8.322|
Z2<14>         |Y2<14>         |    7.405|
Z2<14>         |Y2<15>         |    8.222|
Z2<15>         |Y2<15>         |    7.952|
Z3<0>          |Y3<0>          |    7.344|
Z3<0>          |Y3<1>          |    7.388|
Z3<0>          |Y3<2>          |    7.929|
Z3<0>          |Y3<3>          |    8.375|
Z3<0>          |Y3<4>          |    7.978|
Z3<0>          |Y3<5>          |    9.466|
Z3<0>          |Y3<6>          |    9.073|
Z3<0>          |Y3<7>          |    8.704|
Z3<0>          |Y3<8>          |    8.938|
Z3<0>          |Y3<9>          |    8.809|
Z3<0>          |Y3<10>         |    9.056|
Z3<0>          |Y3<11>         |    9.589|
Z3<0>          |Y3<12>         |    8.588|
Z3<0>          |Y3<13>         |    8.857|
Z3<0>          |Y3<14>         |    8.568|
Z3<0>          |Y3<15>         |    9.029|
Z3<1>          |Y3<1>          |    6.754|
Z3<1>          |Y3<2>          |    7.544|
Z3<1>          |Y3<3>          |    7.990|
Z3<1>          |Y3<4>          |    7.593|
Z3<1>          |Y3<5>          |    9.081|
Z3<1>          |Y3<6>          |    8.688|
Z3<1>          |Y3<7>          |    8.319|
Z3<1>          |Y3<8>          |    8.553|
Z3<1>          |Y3<9>          |    8.424|
Z3<1>          |Y3<10>         |    8.671|
Z3<1>          |Y3<11>         |    9.204|
Z3<1>          |Y3<12>         |    8.203|
Z3<1>          |Y3<13>         |    8.472|
Z3<1>          |Y3<14>         |    8.183|
Z3<1>          |Y3<15>         |    8.644|
Z3<2>          |Y3<2>          |    7.383|
Z3<2>          |Y3<3>          |    8.003|
Z3<2>          |Y3<4>          |    7.878|
Z3<2>          |Y3<5>          |    9.366|
Z3<2>          |Y3<6>          |    8.973|
Z3<2>          |Y3<7>          |    8.604|
Z3<2>          |Y3<8>          |    8.838|
Z3<2>          |Y3<9>          |    8.709|
Z3<2>          |Y3<10>         |    8.956|
Z3<2>          |Y3<11>         |    9.489|
Z3<2>          |Y3<12>         |    8.488|
Z3<2>          |Y3<13>         |    8.757|
Z3<2>          |Y3<14>         |    8.468|
Z3<2>          |Y3<15>         |    8.929|
Z3<3>          |Y3<3>          |    7.874|
Z3<3>          |Y3<4>          |    7.998|
Z3<3>          |Y3<5>          |    9.486|
Z3<3>          |Y3<6>          |    9.093|
Z3<3>          |Y3<7>          |    8.724|
Z3<3>          |Y3<8>          |    8.958|
Z3<3>          |Y3<9>          |    8.829|
Z3<3>          |Y3<10>         |    9.076|
Z3<3>          |Y3<11>         |    9.609|
Z3<3>          |Y3<12>         |    8.608|
Z3<3>          |Y3<13>         |    8.877|
Z3<3>          |Y3<14>         |    8.588|
Z3<3>          |Y3<15>         |    9.049|
Z3<4>          |Y3<4>          |    8.016|
Z3<4>          |Y3<5>          |    9.678|
Z3<4>          |Y3<6>          |    9.557|
Z3<4>          |Y3<7>          |    9.188|
Z3<4>          |Y3<8>          |    9.422|
Z3<4>          |Y3<9>          |    9.293|
Z3<4>          |Y3<10>         |    9.540|
Z3<4>          |Y3<11>         |   10.073|
Z3<4>          |Y3<12>         |    9.072|
Z3<4>          |Y3<13>         |    9.341|
Z3<4>          |Y3<14>         |    9.052|
Z3<4>          |Y3<15>         |    9.513|
Z3<5>          |Y3<5>          |    8.895|
Z3<5>          |Y3<6>          |    9.023|
Z3<5>          |Y3<7>          |    8.654|
Z3<5>          |Y3<8>          |    8.888|
Z3<5>          |Y3<9>          |    8.759|
Z3<5>          |Y3<10>         |    9.006|
Z3<5>          |Y3<11>         |    9.539|
Z3<5>          |Y3<12>         |    8.538|
Z3<5>          |Y3<13>         |    8.807|
Z3<5>          |Y3<14>         |    8.518|
Z3<5>          |Y3<15>         |    8.979|
Z3<6>          |Y3<6>          |    8.672|
Z3<6>          |Y3<7>          |    8.477|
Z3<6>          |Y3<8>          |    8.983|
Z3<6>          |Y3<9>          |    8.854|
Z3<6>          |Y3<10>         |    9.101|
Z3<6>          |Y3<11>         |    9.634|
Z3<6>          |Y3<12>         |    8.633|
Z3<6>          |Y3<13>         |    8.902|
Z3<6>          |Y3<14>         |    8.613|
Z3<6>          |Y3<15>         |    9.074|
Z3<7>          |Y3<7>          |    7.967|
Z3<7>          |Y3<8>          |    8.722|
Z3<7>          |Y3<9>          |    8.593|
Z3<7>          |Y3<10>         |    8.840|
Z3<7>          |Y3<11>         |    9.373|
Z3<7>          |Y3<12>         |    8.372|
Z3<7>          |Y3<13>         |    8.641|
Z3<7>          |Y3<14>         |    8.352|
Z3<7>          |Y3<15>         |    8.813|
Z3<8>          |Y3<8>          |    8.538|
Z3<8>          |Y3<9>          |    8.583|
Z3<8>          |Y3<10>         |    9.102|
Z3<8>          |Y3<11>         |    9.635|
Z3<8>          |Y3<12>         |    8.634|
Z3<8>          |Y3<13>         |    8.903|
Z3<8>          |Y3<14>         |    8.614|
Z3<8>          |Y3<15>         |    9.075|
Z3<9>          |Y3<9>          |    8.310|
Z3<9>          |Y3<10>         |    9.078|
Z3<9>          |Y3<11>         |    9.611|
Z3<9>          |Y3<12>         |    8.610|
Z3<9>          |Y3<13>         |    8.879|
Z3<9>          |Y3<14>         |    8.590|
Z3<9>          |Y3<15>         |    9.051|
Z3<10>         |Y3<10>         |    8.456|
Z3<10>         |Y3<11>         |    9.163|
Z3<10>         |Y3<12>         |    8.434|
Z3<10>         |Y3<13>         |    8.703|
Z3<10>         |Y3<14>         |    8.414|
Z3<10>         |Y3<15>         |    8.875|
Z3<11>         |Y3<11>         |    8.939|
Z3<11>         |Y3<12>         |    8.459|
Z3<11>         |Y3<13>         |    8.728|
Z3<11>         |Y3<14>         |    8.439|
Z3<11>         |Y3<15>         |    8.900|
Z3<12>         |Y3<12>         |    7.907|
Z3<12>         |Y3<13>         |    8.350|
Z3<12>         |Y3<14>         |    8.333|
Z3<12>         |Y3<15>         |    8.794|
Z3<13>         |Y3<13>         |    7.972|
Z3<13>         |Y3<14>         |    8.204|
Z3<13>         |Y3<15>         |    8.665|
Z3<14>         |Y3<14>         |    8.116|
Z3<14>         |Y3<15>         |    8.751|
Z3<15>         |Y3<15>         |    8.272|
Z4<0>          |Y4<0>          |   20.631|
Z4<0>          |Y4<1>          |   22.565|
Z4<0>          |Y4<2>          |   23.179|
Z4<0>          |Y4<3>          |   22.991|
Z4<0>          |Y4<4>          |   22.990|
Z4<0>          |Y4<5>          |   23.184|
Z4<0>          |Y4<6>          |   24.105|
Z4<0>          |Y4<7>          |   23.242|
Z4<0>          |Y4<8>          |   24.260|
Z4<0>          |Y4<9>          |   23.909|
Z4<0>          |Y4<10>         |   23.818|
Z4<0>          |Y4<11>         |   23.762|
Z4<0>          |Y4<12>         |   24.147|
Z4<0>          |Y4<13>         |   23.864|
Z4<0>          |Y4<14>         |   23.976|
Z4<0>          |Y4<15>         |   23.675|
Z4<1>          |Y4<0>          |   20.727|
Z4<1>          |Y4<1>          |   22.661|
Z4<1>          |Y4<2>          |   23.275|
Z4<1>          |Y4<3>          |   23.087|
Z4<1>          |Y4<4>          |   23.086|
Z4<1>          |Y4<5>          |   23.280|
Z4<1>          |Y4<6>          |   24.201|
Z4<1>          |Y4<7>          |   23.338|
Z4<1>          |Y4<8>          |   24.356|
Z4<1>          |Y4<9>          |   24.005|
Z4<1>          |Y4<10>         |   23.914|
Z4<1>          |Y4<11>         |   23.858|
Z4<1>          |Y4<12>         |   24.243|
Z4<1>          |Y4<13>         |   23.960|
Z4<1>          |Y4<14>         |   24.072|
Z4<1>          |Y4<15>         |   23.771|
Z4<2>          |Y4<0>          |   20.854|
Z4<2>          |Y4<1>          |   22.788|
Z4<2>          |Y4<2>          |   23.402|
Z4<2>          |Y4<3>          |   23.214|
Z4<2>          |Y4<4>          |   23.213|
Z4<2>          |Y4<5>          |   23.407|
Z4<2>          |Y4<6>          |   24.328|
Z4<2>          |Y4<7>          |   23.465|
Z4<2>          |Y4<8>          |   24.483|
Z4<2>          |Y4<9>          |   24.132|
Z4<2>          |Y4<10>         |   24.041|
Z4<2>          |Y4<11>         |   23.985|
Z4<2>          |Y4<12>         |   24.370|
Z4<2>          |Y4<13>         |   24.087|
Z4<2>          |Y4<14>         |   24.199|
Z4<2>          |Y4<15>         |   23.898|
Z4<3>          |Y4<0>          |   20.887|
Z4<3>          |Y4<1>          |   22.821|
Z4<3>          |Y4<2>          |   23.435|
Z4<3>          |Y4<3>          |   23.247|
Z4<3>          |Y4<4>          |   23.246|
Z4<3>          |Y4<5>          |   23.440|
Z4<3>          |Y4<6>          |   24.361|
Z4<3>          |Y4<7>          |   23.498|
Z4<3>          |Y4<8>          |   24.516|
Z4<3>          |Y4<9>          |   24.165|
Z4<3>          |Y4<10>         |   24.074|
Z4<3>          |Y4<11>         |   24.018|
Z4<3>          |Y4<12>         |   24.403|
Z4<3>          |Y4<13>         |   24.120|
Z4<3>          |Y4<14>         |   24.232|
Z4<3>          |Y4<15>         |   23.931|
Z4<4>          |Y4<0>          |   20.409|
Z4<4>          |Y4<1>          |   22.343|
Z4<4>          |Y4<2>          |   22.957|
Z4<4>          |Y4<3>          |   22.769|
Z4<4>          |Y4<4>          |   22.768|
Z4<4>          |Y4<5>          |   22.962|
Z4<4>          |Y4<6>          |   23.883|
Z4<4>          |Y4<7>          |   23.020|
Z4<4>          |Y4<8>          |   24.038|
Z4<4>          |Y4<9>          |   23.687|
Z4<4>          |Y4<10>         |   23.596|
Z4<4>          |Y4<11>         |   23.540|
Z4<4>          |Y4<12>         |   23.925|
Z4<4>          |Y4<13>         |   23.642|
Z4<4>          |Y4<14>         |   23.754|
Z4<4>          |Y4<15>         |   23.453|
Z4<5>          |Y4<0>          |   20.335|
Z4<5>          |Y4<1>          |   22.269|
Z4<5>          |Y4<2>          |   22.883|
Z4<5>          |Y4<3>          |   22.695|
Z4<5>          |Y4<4>          |   22.694|
Z4<5>          |Y4<5>          |   22.888|
Z4<5>          |Y4<6>          |   23.809|
Z4<5>          |Y4<7>          |   22.946|
Z4<5>          |Y4<8>          |   23.964|
Z4<5>          |Y4<9>          |   23.613|
Z4<5>          |Y4<10>         |   23.522|
Z4<5>          |Y4<11>         |   23.466|
Z4<5>          |Y4<12>         |   23.851|
Z4<5>          |Y4<13>         |   23.568|
Z4<5>          |Y4<14>         |   23.680|
Z4<5>          |Y4<15>         |   23.379|
Z4<6>          |Y4<0>          |   20.350|
Z4<6>          |Y4<1>          |   22.284|
Z4<6>          |Y4<2>          |   22.898|
Z4<6>          |Y4<3>          |   22.710|
Z4<6>          |Y4<4>          |   22.709|
Z4<6>          |Y4<5>          |   22.903|
Z4<6>          |Y4<6>          |   23.824|
Z4<6>          |Y4<7>          |   22.961|
Z4<6>          |Y4<8>          |   23.979|
Z4<6>          |Y4<9>          |   23.628|
Z4<6>          |Y4<10>         |   23.537|
Z4<6>          |Y4<11>         |   23.481|
Z4<6>          |Y4<12>         |   23.866|
Z4<6>          |Y4<13>         |   23.583|
Z4<6>          |Y4<14>         |   23.695|
Z4<6>          |Y4<15>         |   23.394|
Z4<7>          |Y4<0>          |   20.996|
Z4<7>          |Y4<1>          |   22.930|
Z4<7>          |Y4<2>          |   23.544|
Z4<7>          |Y4<3>          |   23.356|
Z4<7>          |Y4<4>          |   23.355|
Z4<7>          |Y4<5>          |   23.549|
Z4<7>          |Y4<6>          |   24.470|
Z4<7>          |Y4<7>          |   23.607|
Z4<7>          |Y4<8>          |   24.625|
Z4<7>          |Y4<9>          |   24.274|
Z4<7>          |Y4<10>         |   24.183|
Z4<7>          |Y4<11>         |   24.127|
Z4<7>          |Y4<12>         |   24.512|
Z4<7>          |Y4<13>         |   24.229|
Z4<7>          |Y4<14>         |   24.341|
Z4<7>          |Y4<15>         |   24.040|
Z4<8>          |Y4<0>          |   20.194|
Z4<8>          |Y4<1>          |   22.128|
Z4<8>          |Y4<2>          |   22.742|
Z4<8>          |Y4<3>          |   22.554|
Z4<8>          |Y4<4>          |   22.553|
Z4<8>          |Y4<5>          |   22.747|
Z4<8>          |Y4<6>          |   23.668|
Z4<8>          |Y4<7>          |   22.805|
Z4<8>          |Y4<8>          |   23.823|
Z4<8>          |Y4<9>          |   23.472|
Z4<8>          |Y4<10>         |   23.381|
Z4<8>          |Y4<11>         |   23.325|
Z4<8>          |Y4<12>         |   23.710|
Z4<8>          |Y4<13>         |   23.427|
Z4<8>          |Y4<14>         |   23.539|
Z4<8>          |Y4<15>         |   23.238|
Z4<9>          |Y4<0>          |   20.450|
Z4<9>          |Y4<1>          |   22.384|
Z4<9>          |Y4<2>          |   22.998|
Z4<9>          |Y4<3>          |   22.810|
Z4<9>          |Y4<4>          |   22.809|
Z4<9>          |Y4<5>          |   23.003|
Z4<9>          |Y4<6>          |   23.924|
Z4<9>          |Y4<7>          |   23.061|
Z4<9>          |Y4<8>          |   24.079|
Z4<9>          |Y4<9>          |   23.728|
Z4<9>          |Y4<10>         |   23.637|
Z4<9>          |Y4<11>         |   23.581|
Z4<9>          |Y4<12>         |   23.966|
Z4<9>          |Y4<13>         |   23.683|
Z4<9>          |Y4<14>         |   23.795|
Z4<9>          |Y4<15>         |   23.494|
Z4<10>         |Y4<0>          |   20.859|
Z4<10>         |Y4<1>          |   22.793|
Z4<10>         |Y4<2>          |   23.407|
Z4<10>         |Y4<3>          |   23.219|
Z4<10>         |Y4<4>          |   23.218|
Z4<10>         |Y4<5>          |   23.412|
Z4<10>         |Y4<6>          |   24.333|
Z4<10>         |Y4<7>          |   23.470|
Z4<10>         |Y4<8>          |   24.488|
Z4<10>         |Y4<9>          |   24.137|
Z4<10>         |Y4<10>         |   24.046|
Z4<10>         |Y4<11>         |   23.990|
Z4<10>         |Y4<12>         |   24.375|
Z4<10>         |Y4<13>         |   24.092|
Z4<10>         |Y4<14>         |   24.204|
Z4<10>         |Y4<15>         |   23.903|
Z4<11>         |Y4<0>          |   20.644|
Z4<11>         |Y4<1>          |   22.578|
Z4<11>         |Y4<2>          |   23.192|
Z4<11>         |Y4<3>          |   23.004|
Z4<11>         |Y4<4>          |   23.003|
Z4<11>         |Y4<5>          |   23.197|
Z4<11>         |Y4<6>          |   24.118|
Z4<11>         |Y4<7>          |   23.255|
Z4<11>         |Y4<8>          |   24.273|
Z4<11>         |Y4<9>          |   23.922|
Z4<11>         |Y4<10>         |   23.831|
Z4<11>         |Y4<11>         |   23.775|
Z4<11>         |Y4<12>         |   24.160|
Z4<11>         |Y4<13>         |   23.877|
Z4<11>         |Y4<14>         |   23.989|
Z4<11>         |Y4<15>         |   23.688|
Z4<12>         |Y4<0>          |   20.428|
Z4<12>         |Y4<1>          |   22.362|
Z4<12>         |Y4<2>          |   22.976|
Z4<12>         |Y4<3>          |   22.788|
Z4<12>         |Y4<4>          |   22.787|
Z4<12>         |Y4<5>          |   22.981|
Z4<12>         |Y4<6>          |   23.902|
Z4<12>         |Y4<7>          |   23.039|
Z4<12>         |Y4<8>          |   24.057|
Z4<12>         |Y4<9>          |   23.706|
Z4<12>         |Y4<10>         |   23.615|
Z4<12>         |Y4<11>         |   23.559|
Z4<12>         |Y4<12>         |   23.944|
Z4<12>         |Y4<13>         |   23.661|
Z4<12>         |Y4<14>         |   23.773|
Z4<12>         |Y4<15>         |   23.472|
Z4<13>         |Y4<0>          |   20.717|
Z4<13>         |Y4<1>          |   22.651|
Z4<13>         |Y4<2>          |   23.265|
Z4<13>         |Y4<3>          |   23.077|
Z4<13>         |Y4<4>          |   23.076|
Z4<13>         |Y4<5>          |   23.270|
Z4<13>         |Y4<6>          |   24.191|
Z4<13>         |Y4<7>          |   23.328|
Z4<13>         |Y4<8>          |   24.346|
Z4<13>         |Y4<9>          |   23.995|
Z4<13>         |Y4<10>         |   23.904|
Z4<13>         |Y4<11>         |   23.848|
Z4<13>         |Y4<12>         |   24.233|
Z4<13>         |Y4<13>         |   23.950|
Z4<13>         |Y4<14>         |   24.062|
Z4<13>         |Y4<15>         |   23.761|
Z4<14>         |Y4<0>          |   20.889|
Z4<14>         |Y4<1>          |   22.823|
Z4<14>         |Y4<2>          |   23.437|
Z4<14>         |Y4<3>          |   23.249|
Z4<14>         |Y4<4>          |   23.248|
Z4<14>         |Y4<5>          |   23.442|
Z4<14>         |Y4<6>          |   24.363|
Z4<14>         |Y4<7>          |   23.500|
Z4<14>         |Y4<8>          |   24.518|
Z4<14>         |Y4<9>          |   24.167|
Z4<14>         |Y4<10>         |   24.076|
Z4<14>         |Y4<11>         |   24.020|
Z4<14>         |Y4<12>         |   24.405|
Z4<14>         |Y4<13>         |   24.122|
Z4<14>         |Y4<14>         |   24.234|
Z4<14>         |Y4<15>         |   23.933|
Z4<15>         |Y4<0>          |   21.494|
Z4<15>         |Y4<1>          |   23.428|
Z4<15>         |Y4<2>          |   24.042|
Z4<15>         |Y4<3>          |   23.854|
Z4<15>         |Y4<4>          |   23.853|
Z4<15>         |Y4<5>          |   24.047|
Z4<15>         |Y4<6>          |   24.968|
Z4<15>         |Y4<7>          |   24.105|
Z4<15>         |Y4<8>          |   25.123|
Z4<15>         |Y4<9>          |   24.772|
Z4<15>         |Y4<10>         |   24.681|
Z4<15>         |Y4<11>         |   24.625|
Z4<15>         |Y4<12>         |   25.010|
Z4<15>         |Y4<13>         |   24.727|
Z4<15>         |Y4<14>         |   24.839|
Z4<15>         |Y4<15>         |   24.538|
---------------+---------------+---------+


Analysis completed Wed May 24 16:36:39 2023 
--------------------------------------------------------------------------------

Trace Settings:
-------------------------
Trace Settings 

Peak Memory Usage: 338 MB



