EN idea NULL /home/haitham/VHDL_LAB/submission_template/submit/direct/idea.vhd sub00/vhpl02 1684337447
EN mulop NULL /home/haitham/VHDL_LAB/submission_template/submit/direct/mulop.vhd sub00/vhpl00 1684447857
AR mulop behavioral /home/haitham/VHDL_LAB/submission_template/submit/direct/mulop.vhd sub00/vhpl01 1684447858
AR idea structural /home/haitham/VHDL_LAB/submission_template/submit/direct/idea.vhd sub00/vhpl03 1684337448
