EN idea NULL /home/haitham/VHDL_LAB/submission_template/submit/direct/idea.vhd sub00/vhpl02 1687368389
AR addop behavioral /home/haitham/VHDL_LAB/submission_template/submit/direct/addop.vhd sub00/vhpl07 1687368382
EN mulop NULL /home/haitham/VHDL_LAB/submission_template/submit/direct/mulop.vhd sub00/vhpl00 1687368379
AR module behavioral /home/haitham/VHDL_LAB/submission_template/submit/direct/module.vhd sub00/vhpl09 1684752455
EN trafo NULL /home/haitham/VHDL_LAB/submission_template/submit/direct/trafo.vhd sub00/vhpl10 1687368387
AR round behavioral /home/haitham/VHDL_LAB/submission_template/submit/direct/round.vhd sub00/vhpl13 1687368386
EN addop NULL /home/haitham/VHDL_LAB/submission_template/submit/direct/addop.vhd sub00/vhpl06 1687368381
AR trafo behavioral /home/haitham/VHDL_LAB/submission_template/submit/direct/trafo.vhd sub00/vhpl11 1687368388
EN round NULL /home/haitham/VHDL_LAB/submission_template/submit/direct/round.vhd sub00/vhpl12 1687368385
EN module NULL /home/haitham/VHDL_LAB/submission_template/submit/direct/module.vhd sub00/vhpl08 1684752454
EN xorop NULL /home/haitham/VHDL_LAB/submission_template/submit/direct/xorop.vhd sub00/vhpl04 1687368383
AR mulop behavioral /home/haitham/VHDL_LAB/submission_template/submit/direct/mulop.vhd sub00/vhpl01 1687368380
AR idea structural /home/haitham/VHDL_LAB/submission_template/submit/direct/idea.vhd sub00/vhpl03 1687368390
AR xorop behavioral /home/haitham/VHDL_LAB/submission_template/submit/direct/xorop.vhd sub00/vhpl05 1687368384
